title Boot From Hard Drive \n
find --set-root --ignore-floppies --ignore-cd /bootmgr || find --set-root --ignore-floppies --ignore-cd /ntldr || rootnoverify (hd0) && chainloader +1 && boot
map () (hd0) && map (hd0) () && map --rehook
find --set-root --devices=h /bootmgr || find --set-root --ignore-floppies --ignore-cd /ntldr
chainloader /bootmgr || chainloader /ntldr

title HBCD 9.7
find --set-root /iso/HBCD.9.7.iso
echo "Mapeando..."
map /iso/HBCD.9.7.iso (0xff) || map --mem /iso/HBCD.9.7.iso (0xff)
map --hook
root (0xff)
echo "Boot!"
chainloader (0xff)

title HBCD 15.2
find --set-root /iso/HBCD.15.2.iso
echo "Mapeando..."
map /iso/HBCD.15.2.iso (0xff) || map --mem /iso/HBCD.15.2.iso (0xff)
map --hook
root (0xff)
chainloader (0xff)

title pfSense Live 2.1.5 i386
find --set-root /iso/pfSense-LiveCD-2.1.5-RELEASE-i386-20140825-0744.iso
map /iso/pfSense-LiveCD-2.1.5-RELEASE-i386-20140825-0744.iso (hd32)
map --hook
root (hd32)
chainloader (hd32)

title memtest86+ v4.20
find --set-root /boot/memtest/memtest.bin
map /boot/memtest/memtest.bin (fd0)
map --hook
chainloader (fd0)+1 
rootnoverify (fd0) 
map --floppies=1

#title Ubuntu Server 12.04.3 (x64)
#map --mem /iso/ubuntu-12.04.2-server-amd64.iso (0xff)
#map --hook
#root (0xff)
#chainloader (0xff)

#title Lubuntu 13.04 (x64)
#find --set-root /lubuntu-13.04-desktop-amd64.iso
#echo "Mapping..."
#map /lubuntu-13.04-desktop-amd64.iso (0xff)
#map --hook
#root (0xff)
#echo "Boot!"
#chainloader (0xff)

#title Lubuntu 12.10 (x86)
#find --set-root /lubuntu-12.10-desktop-i386.iso
#map /lubuntu-12.10-desktop-i386.iso (0xff)
#map --hook
#root (0xff)
#kernel /casper/vmlinuz file=/cdrom/preseed/lubuntu.seed boot=casper persistent iso-scan/filename=/lubuntu-12.10-desktop-i386.iso splash quiet --
#initrd /casper/initrd.lz

#title SeaTools For DOS
#find --set-root /seatools_223.iso
#map /seatools_223.iso (0xff) || map --mem /seatools_223.iso (0xff)
#map --hook
#root (0xff)
#chainloader (0xff)

#title Avira Rescue (Virus Scanner)
#find --set-root /iso/avira_rescue2010.iso
#map --mem /iso/avira_rescue2010.iso (hd32)
#map --hook
#root (hd32)
#chainloader (hd32)
